[2026-05-09T02:56:07.081Z] [INFO] 💚 Health: 217MB heap | 3h 9m uptime | 2 tracked errors
[2026-05-09T08:18:36.749Z] [INFO] 💚 Health: 217MB heap | 8h 32m uptime | 2 tracked errors
[2026-05-09T08:18:56.399Z] [HTTP] GET /profile - 304 (3697ms)
[2026-05-09T08:19:51.975Z] [HTTP] GET /system/settings - 304 (40765ms)
[2026-05-09T08:19:52.311Z] [HTTP] GET /profile - 304 (40656ms)
[2026-05-09T08:19:52.389Z] [HTTP] GET /profile - 304 (41157ms)
[2026-05-09T08:19:52.643Z] [HTTP] GET /shipments - 304 (41282ms)
[2026-05-09T08:20:10.165Z] [HTTP] GET /shipments - 304 (860ms)
[2026-05-09T08:20:40.148Z] [HTTP] GET /shipments - 304 (1771ms)
[2026-05-09T08:20:46.282Z] [WARN] ⚠️ Unauthorized access attempt by abdullah.tauqeer.chh@gmail.com (fleet_owner)
[2026-05-09T08:20:46.346Z] [HTTP] GET /users/3744e34e-7910-45ec-86de-827ba97874fd - 403 (102ms)
[2026-05-09T08:20:46.454Z] [WARN] ⚠️ Unauthorized access attempt by abdullah.tauqeer.chh@gmail.com (fleet_owner)
[2026-05-09T08:20:46.459Z] [HTTP] GET /users/3744e34e-7910-45ec-86de-827ba97874fd - 403 (6ms)
[2026-05-09T08:20:47.021Z] [HTTP] GET /shipments - 304 (936ms)
[2026-05-09T08:20:51.991Z] [WARN] ⚠️ Unauthorized access attempt by abdullah.tauqeer.chh@gmail.com (fleet_owner)
[2026-05-09T08:20:52.012Z] [HTTP] GET /users/3744e34e-7910-45ec-86de-827ba97874fd - 403 (22ms)
[2026-05-09T08:20:52.061Z] [WARN] ⚠️ Unauthorized access attempt by abdullah.tauqeer.chh@gmail.com (fleet_owner)
[2026-05-09T08:20:52.075Z] [HTTP] GET /users/3744e34e-7910-45ec-86de-827ba97874fd - 403 (14ms)
[2026-05-09T08:22:14.100Z] [HTTP] GET /trucks/2e8af087-bf21-44cd-ab46-74653b065dea - 200 (82144ms)
[2026-05-09T08:22:14.972Z] [WARN] ⚠️ Unauthorized access attempt by abdullah.tauqeer.chh@gmail.com (fleet_owner)
[2026-05-09T08:22:14.982Z] [HTTP] GET /users/3744e34e-7910-45ec-86de-827ba97874fd - 403 (157ms)
[2026-05-09T08:22:15.012Z] [WARN] ⚠️ Unauthorized access attempt by abdullah.tauqeer.chh@gmail.com (fleet_owner)
[2026-05-09T08:22:15.020Z] [HTTP] GET /users/3744e34e-7910-45ec-86de-827ba97874fd - 403 (8ms)
[2026-05-09T08:22:17.743Z] [HTTP] GET /trucks/60eade90-04dd-4ff2-802b-21ed6b09c77b - 200 (869ms)
[2026-05-09T08:22:23.182Z] [HTTP] GET /trucks/2e8af087-bf21-44cd-ab46-74653b065dea - 200 (6539ms)
[2026-05-09T08:22:40.639Z] [HTTP] GET / - 304 (6806ms)
[2026-05-09T08:22:46.088Z] [HTTP] GET /trucks/2e8af087-bf21-44cd-ab46-74653b065dea - 404 (91902ms)
[2026-05-09T08:23:36.792Z] [INFO] 💚 Health: 220MB heap | 8h 37m uptime | 11 tracked errors
[2026-05-09T08:23:40.430Z] [WARN] ⚠️ Unauthorized access attempt by abdullah.tauqeer.chh@gmail.com (fleet_owner)
[2026-05-09T08:23:40.433Z] [HTTP] GET /users/3744e34e-7910-45ec-86de-827ba97874fd - 403 (4ms)
[2026-05-09T08:23:40.443Z] [WARN] ⚠️ Unauthorized access attempt by abdullah.tauqeer.chh@gmail.com (fleet_owner)
[2026-05-09T08:23:40.446Z] [HTTP] GET /users/3744e34e-7910-45ec-86de-827ba97874fd - 403 (4ms)
[2026-05-09T08:23:41.911Z] [HTTP] GET /trucks/60eade90-04dd-4ff2-802b-21ed6b09c77b - 200 (1162ms)
[2026-05-09T08:23:42.879Z] [HTTP] GET /trucks/2e8af087-bf21-44cd-ab46-74653b065dea - 200 (1952ms)
[2026-05-09T08:24:21.536Z] [HTTP] GET / - 304 (830ms)
[2026-05-09T12:42:47.374Z] [WARN] ⚠️ Firebase not configured (FIREBASE_SERVICE_ACCOUNT_PATH missing)
[2026-05-09T12:43:51.944Z] [WARN] ⚠️ Firebase not configured (FIREBASE_SERVICE_ACCOUNT_PATH missing)
[2026-05-09T12:43:52.359Z] [WARN] ⚠️ Firebase not configured (FIREBASE_SERVICE_ACCOUNT_PATH missing)
[2026-05-09T13:28:15.797Z] [WARN] ⚠️ Firebase not configured (FIREBASE_SERVICE_ACCOUNT_PATH missing)
[2026-05-09T13:28:15.896Z] [WARN] ⚠️ Firebase not configured (FIREBASE_SERVICE_ACCOUNT_PATH missing)
[2026-05-09T15:09:12.043Z] [WARN] ⚠️ Firebase not configured (FIREBASE_SERVICE_ACCOUNT_PATH missing)
[2026-05-09T15:16:08.987Z] [WARN] ⚠️ Firebase not configured (FIREBASE_SERVICE_ACCOUNT_PATH missing)
[2026-05-09T15:16:28.660Z] [WARN] ⚠️ Firebase not configured (FIREBASE_SERVICE_ACCOUNT_PATH missing)
[2026-05-09T15:17:13.714Z] [WARN] ⚠️ Firebase not configured (FIREBASE_SERVICE_ACCOUNT_PATH missing)
[2026-05-09T15:17:13.817Z] [WARN] ⚠️ Firebase not configured (FIREBASE_SERVICE_ACCOUNT_PATH missing)
[2026-05-09T15:17:53.143Z] [WARN] ⚠️ Firebase not configured (FIREBASE_SERVICE_ACCOUNT_PATH missing)
[2026-05-09T15:17:55.674Z] [WARN] ⚠️ Firebase not configured (FIREBASE_SERVICE_ACCOUNT_PATH missing)
[2026-05-09T15:18:13.640Z] [WARN] ⚠️ Firebase not configured (FIREBASE_SERVICE_ACCOUNT_PATH missing)
[2026-05-09T15:19:12.566Z] [WARN] ⚠️ Firebase not configured (FIREBASE_SERVICE_ACCOUNT_PATH missing)
[2026-05-09T15:19:12.697Z] [WARN] ⚠️ Firebase not configured (FIREBASE_SERVICE_ACCOUNT_PATH missing)
[2026-05-09T15:19:18.033Z] [INFO] 🔌 Initializing Supabase...
[2026-05-09T15:19:18.198Z] [INFO] 🔌 Initializing Supabase...
[2026-05-09T15:19:18.199Z] [INFO] 📍 URL Present: true
[2026-05-09T15:19:18.200Z] [INFO] 🔑 Keys Present: true (service: true)
[2026-05-09T15:19:18.040Z] [INFO] 📍 URL Present: true
[2026-05-09T15:19:18.383Z] [INFO] 🔑 Keys Present: true (service: true)
[2026-05-09T15:19:20.732Z] [INFO] ✅ Supabase connected and users table accessible
[2026-05-09T15:19:20.733Z] [INFO] ✅ Connected to Supabase PostgreSQL database
[2026-05-09T15:19:20.738Z] [INFO] ✅ Database connection established
[2026-05-09T15:19:20.745Z] [INFO] 🔌 Socket.IO initialized with namespaces: /tracking, /messaging, /chat, /notifications
[2026-05-09T15:19:20.745Z] [INFO] ✅ Socket.IO initialized
[2026-05-09T15:19:20.752Z] [INFO] 🚀 Backend API running on http://localhost:3001
[2026-05-09T15:19:20.753Z] [INFO] 📊 Health check: http://localhost:3001/api/health
[2026-05-09T15:19:20.753Z] [INFO] 🔐 Auth endpoints: http://localhost:3001/api/auth/...
[2026-05-09T15:19:20.754Z] [INFO] 🔌 Socket.IO: ws://localhost:3001
[2026-05-09T15:19:20.756Z] [INFO] 📝 Environment: development
[2026-05-09T15:19:20.760Z] [INFO] ✅ Supabase connected and users table accessible
[2026-05-09T15:19:20.761Z] [INFO] ✅ Connected to Supabase PostgreSQL database
[2026-05-09T15:19:20.762Z] [INFO] ✅ Database connection established
[2026-05-09T15:19:20.768Z] [INFO] 🔌 Socket.IO initialized with namespaces: /tracking, /messaging, /chat, /notifications
[2026-05-09T15:19:20.769Z] [INFO] ✅ Socket.IO initialized
[2026-05-09T15:19:24.668Z] [WARN] ⚠️ Firebase not configured (FIREBASE_SERVICE_ACCOUNT_PATH missing)
[2026-05-09T15:19:30.511Z] [INFO] 🔌 Initializing Supabase...
[2026-05-09T15:19:30.549Z] [INFO] 📍 URL Present: true
[2026-05-09T15:19:30.590Z] [INFO] 🔑 Keys Present: true (service: true)
[2026-05-09T15:19:32.534Z] [INFO] ✅ Supabase connected and users table accessible
[2026-05-09T15:19:32.545Z] [INFO] ✅ Connected to Supabase PostgreSQL database
[2026-05-09T15:19:32.566Z] [INFO] ✅ Database connection established
[2026-05-09T15:19:32.590Z] [INFO] 🔌 Socket.IO initialized with namespaces: /tracking, /messaging, /chat, /notifications
[2026-05-09T15:19:32.626Z] [INFO] ✅ Socket.IO initialized
[2026-05-09T15:19:43.706Z] [WARN] ⚠️ Firebase not configured (FIREBASE_SERVICE_ACCOUNT_PATH missing)
[2026-05-09T15:19:46.984Z] [INFO] 🔌 Initializing Supabase...
[2026-05-09T15:19:46.994Z] [INFO] 📍 URL Present: true
[2026-05-09T15:19:46.995Z] [INFO] 🔑 Keys Present: true (service: true)
[2026-05-09T15:19:47.951Z] [INFO] ✅ Supabase connected and users table accessible
[2026-05-09T15:19:47.952Z] [INFO] ✅ Connected to Supabase PostgreSQL database
[2026-05-09T15:19:47.953Z] [INFO] ✅ Database connection established
[2026-05-09T15:19:47.959Z] [INFO] 🔌 Socket.IO initialized with namespaces: /tracking, /messaging, /chat, /notifications
[2026-05-09T15:19:47.960Z] [INFO] ✅ Socket.IO initialized
[2026-05-09T15:21:33.475Z] [WARN] ⚠️ Firebase not configured (FIREBASE_SERVICE_ACCOUNT_PATH missing)
[2026-05-09T15:21:37.269Z] [INFO] 🔌 Initializing Supabase...
[2026-05-09T15:21:37.270Z] [INFO] 📍 URL Present: true
[2026-05-09T15:21:37.271Z] [INFO] 🔑 Keys Present: true (service: true)
[2026-05-09T15:21:39.060Z] [INFO] ✅ Supabase connected and users table accessible
[2026-05-09T15:21:39.061Z] [INFO] ✅ Connected to Supabase PostgreSQL database
[2026-05-09T15:21:39.064Z] [INFO] ✅ Database connection established
[2026-05-09T15:21:39.071Z] [INFO] 🔌 Socket.IO initialized with namespaces: /tracking, /messaging, /chat, /notifications
[2026-05-09T15:21:39.072Z] [INFO] ✅ Socket.IO initialized
[2026-05-09T15:21:39.085Z] [INFO] 🚀 Backend API running on http://localhost:3001
[2026-05-09T15:21:39.085Z] [INFO] 📊 Health check: http://localhost:3001/api/health
[2026-05-09T15:21:39.086Z] [INFO] 🔐 Auth endpoints: http://localhost:3001/api/auth/...
[2026-05-09T15:21:39.087Z] [INFO] 🔌 Socket.IO: ws://localhost:3001
[2026-05-09T15:21:39.088Z] [INFO] 📝 Environment: development
[2026-05-09T15:21:51.132Z] [HTTP] HEAD /system/settings - 200 (461ms)
[2026-05-09T15:21:51.417Z] [HTTP] GET /system/settings - 200 (225ms)
[2026-05-09T15:22:02.886Z] [HTTP] HEAD /api/health - 200 (2ms)
[2026-05-09T15:22:02.897Z] [HTTP] GET /api/health - 200 (0ms)
[2026-05-09T15:22:49.496Z] [INFO] ℹ️ Firebase not configured (using Supabase fallback)
[2026-05-09T15:22:52.461Z] [INFO] ℹ️ Firebase not configured (using Supabase fallback)
[2026-05-09T15:22:55.114Z] [INFO] ℹ️ Firebase not configured (using Supabase fallback)
[2026-05-09T15:22:55.163Z] [INFO] 🔌 Initializing Supabase...
[2026-05-09T15:22:55.243Z] [INFO] 📍 URL Present: true
[2026-05-09T15:22:55.244Z] [INFO] 🔑 Keys Present: true (service: true)
[2026-05-09T15:22:57.677Z] [INFO] 🔌 Initializing Supabase...
[2026-05-09T15:22:57.682Z] [INFO] 📍 URL Present: true
[2026-05-09T15:22:57.687Z] [INFO] 🔑 Keys Present: true (service: true)
[2026-05-09T15:22:58.525Z] [INFO] ℹ️ Firebase not configured (using Supabase fallback)
[2026-05-09T15:22:59.469Z] [INFO] 🔌 Initializing Supabase...
[2026-05-09T15:22:59.471Z] [INFO] 📍 URL Present: true
[2026-05-09T15:22:59.472Z] [INFO] 🔑 Keys Present: true (service: true)
[2026-05-09T15:23:02.687Z] [INFO] 🔌 Initializing Supabase...
[2026-05-09T15:23:02.694Z] [INFO] 📍 URL Present: true
[2026-05-09T15:23:02.708Z] [INFO] 🔑 Keys Present: true (service: true)
[2026-05-09T15:23:02.888Z] [INFO] ✅ Supabase connected and users table accessible
[2026-05-09T15:23:02.889Z] [INFO] ✅ Connected to Supabase PostgreSQL database
[2026-05-09T15:23:02.890Z] [INFO] ✅ Database connection established
[2026-05-09T15:23:02.896Z] [INFO] 🔌 Socket.IO initialized with namespaces: /tracking, /messaging, /chat, /notifications
[2026-05-09T15:23:02.897Z] [INFO] ✅ Socket.IO initialized
[2026-05-09T15:23:02.907Z] [INFO] 🚀 Backend API running on http://localhost:3001
[2026-05-09T15:23:02.908Z] [INFO] 📊 Health check: http://localhost:3001/api/health
[2026-05-09T15:23:02.908Z] [INFO] 🔐 Auth endpoints: http://localhost:3001/api/auth/...
[2026-05-09T15:23:02.909Z] [INFO] 🔌 Socket.IO: ws://localhost:3001
[2026-05-09T15:23:02.910Z] [INFO] 📝 Environment: development
[2026-05-09T15:23:03.502Z] [INFO] ✅ Supabase connected and users table accessible
[2026-05-09T15:23:03.503Z] [INFO] ✅ Connected to Supabase PostgreSQL database
[2026-05-09T15:23:03.505Z] [INFO] ✅ Database connection established
[2026-05-09T15:23:03.511Z] [INFO] 🔌 Socket.IO initialized with namespaces: /tracking, /messaging, /chat, /notifications
[2026-05-09T15:23:03.512Z] [INFO] ✅ Socket.IO initialized
[2026-05-09T15:23:04.240Z] [INFO] ✅ Supabase connected and users table accessible
[2026-05-09T15:23:04.243Z] [INFO] ✅ Connected to Supabase PostgreSQL database
[2026-05-09T15:23:04.256Z] [INFO] ✅ Database connection established
[2026-05-09T15:23:04.273Z] [INFO] 🔌 Socket.IO initialized with namespaces: /tracking, /messaging, /chat, /notifications
[2026-05-09T15:23:04.290Z] [INFO] ✅ Socket.IO initialized
[2026-05-09T15:23:07.638Z] [INFO] ✅ Supabase connected and users table accessible
[2026-05-09T15:23:07.639Z] [INFO] ✅ Connected to Supabase PostgreSQL database
[2026-05-09T15:23:07.640Z] [INFO] ✅ Database connection established
[2026-05-09T15:23:07.647Z] [INFO] 🔌 Socket.IO initialized with namespaces: /tracking, /messaging, /chat, /notifications
[2026-05-09T15:23:07.648Z] [INFO] ✅ Socket.IO initialized
[2026-05-09T15:23:17.435Z] [HTTP] GET /profile - 304 (374ms)
[2026-05-09T15:23:21.469Z] [HTTP] GET /system/settings - 304 (222ms)
[2026-05-09T15:23:34.214Z] [INFO] 👑 Admin Action: GET /users
[2026-05-09T15:23:34.565Z] [HTTP] GET /shipments - 304 (343ms)
[2026-05-09T15:23:34.567Z] [HTTP] GET /users - 304 (355ms)
[2026-05-09T15:23:34.916Z] [HTTP] GET /trucks - 200 (686ms)
[2026-05-09T15:23:35.125Z] [INFO] 👑 Admin Action: GET /users
[2026-05-09T15:23:35.336Z] [HTTP] GET /profile - 304 (217ms)
[2026-05-09T15:23:35.352Z] [HTTP] GET /shipments - 304 (231ms)
[2026-05-09T15:23:35.356Z] [HTTP] GET /users - 304 (232ms)
[2026-05-09T15:23:35.539Z] [HTTP] GET /trucks - 200 (308ms)
[2026-05-09T15:23:39.002Z] [HTTP] GET /profile - 304 (239ms)
[2026-05-09T15:23:44.451Z] [INFO] 👑 Admin Action: GET /users
[2026-05-09T15:23:44.786Z] [HTTP] GET /users - 304 (335ms)
[2026-05-09T15:23:45.219Z] [INFO] 👑 Admin Action: GET /users
[2026-05-09T15:23:45.434Z] [HTTP] GET /users - 304 (216ms)
[2026-05-09T15:25:48.856Z] [HTTP] GET /profile - 304 (1484ms)
[2026-05-09T15:27:36.711Z] [INFO] 💚 Health: 307MB heap | 0h 5m uptime | 0 tracked errors
[2026-05-09T15:32:36.683Z] [INFO] 💚 Health: 307MB heap | 0h 10m uptime | 0 tracked errors
[2026-05-09T15:37:36.681Z] [INFO] 💚 Health: 307MB heap | 0h 15m uptime | 0 tracked errors
[2026-05-09T15:42:36.822Z] [INFO] 💚 Health: 307MB heap | 0h 20m uptime | 0 tracked errors
[2026-05-09T15:47:36.747Z] [INFO] 💚 Health: 307MB heap | 0h 25m uptime | 0 tracked errors
[2026-05-09T15:52:36.808Z] [INFO] 💚 Health: 307MB heap | 0h 30m uptime | 0 tracked errors
[2026-05-09T15:57:36.866Z] [INFO] 💚 Health: 307MB heap | 0h 35m uptime | 0 tracked errors
[2026-05-09T16:02:36.898Z] [INFO] 💚 Health: 307MB heap | 0h 40m uptime | 0 tracked errors
[2026-05-09T16:07:36.884Z] [INFO] 💚 Health: 307MB heap | 0h 45m uptime | 0 tracked errors
[2026-05-09T16:12:36.899Z] [INFO] 💚 Health: 307MB heap | 0h 50m uptime | 0 tracked errors
[2026-05-09T16:17:36.904Z] [INFO] 💚 Health: 307MB heap | 0h 55m uptime | 0 tracked errors
[2026-05-09T16:22:36.904Z] [INFO] 💚 Health: 307MB heap | 1h 0m uptime | 0 tracked errors
[2026-05-09T16:27:36.917Z] [INFO] 💚 Health: 307MB heap | 1h 5m uptime | 0 tracked errors
[2026-05-09T16:32:36.923Z] [INFO] 💚 Health: 307MB heap | 1h 10m uptime | 0 tracked errors
[2026-05-09T16:37:02.120Z] [INFO] ℹ️ Firebase not configured (using Supabase fallback)
[2026-05-09T16:37:03.356Z] [INFO] ℹ️ Firebase not configured (using Supabase fallback)
[2026-05-09T16:37:06.018Z] [INFO] ℹ️ Firebase not configured (using Supabase fallback)
[2026-05-09T16:37:06.478Z] [INFO] ℹ️ Firebase not configured (using Supabase fallback)
[2026-05-09T16:37:08.131Z] [INFO] 🔌 Initializing Supabase...
[2026-05-09T16:37:08.132Z] [INFO] 📍 URL Present: true
[2026-05-09T16:37:08.133Z] [INFO] 🔑 Keys Present: true (service: true)
[2026-05-09T16:37:09.124Z] [INFO] 🔌 Initializing Supabase...
[2026-05-09T16:37:09.134Z] [INFO] 📍 URL Present: true
[2026-05-09T16:37:09.138Z] [INFO] 🔑 Keys Present: true (service: true)
[2026-05-09T16:37:10.931Z] [INFO] 🔌 Initializing Supabase...
[2026-05-09T16:37:10.935Z] [INFO] 📍 URL Present: true
[2026-05-09T16:37:10.956Z] [INFO] 🔑 Keys Present: true (service: true)
[2026-05-09T16:37:11.351Z] [INFO] ✅ Supabase connected and users table accessible
[2026-05-09T16:37:11.352Z] [INFO] ✅ Connected to Supabase PostgreSQL database
[2026-05-09T16:37:11.353Z] [INFO] ✅ Database connection established
[2026-05-09T16:37:11.360Z] [INFO] 🔌 Socket.IO initialized with namespaces: /tracking, /messaging, /chat, /notifications
[2026-05-09T16:37:11.361Z] [INFO] ✅ Socket.IO initialized
[2026-05-09T16:37:11.456Z] [INFO] ✅ Supabase connected and users table accessible
[2026-05-09T16:37:11.457Z] [INFO] ✅ Connected to Supabase PostgreSQL database
[2026-05-09T16:37:11.458Z] [INFO] ✅ Database connection established
[2026-05-09T16:37:11.598Z] [INFO] 🔌 Socket.IO initialized with namespaces: /tracking, /messaging, /chat, /notifications
[2026-05-09T16:37:11.600Z] [INFO] ✅ Socket.IO initialized
[2026-05-09T16:37:11.593Z] [INFO] 🚀 Backend API running on http://localhost:3001
[2026-05-09T16:37:11.610Z] [INFO] 📊 Health check: http://localhost:3001/api/health
[2026-05-09T16:37:11.612Z] [INFO] 🔐 Auth endpoints: http://localhost:3001/api/auth/...
[2026-05-09T16:37:11.613Z] [INFO] 🔌 Socket.IO: ws://localhost:3001
[2026-05-09T16:37:11.616Z] [INFO] 📝 Environment: development
[2026-05-09T16:37:11.918Z] [INFO] 🔌 Initializing Supabase...
[2026-05-09T16:37:11.919Z] [INFO] 📍 URL Present: true
[2026-05-09T16:37:11.920Z] [INFO] 🔑 Keys Present: true (service: true)
[2026-05-09T16:37:12.650Z] [INFO] ✅ Supabase connected and users table accessible
[2026-05-09T16:37:12.714Z] [INFO] ✅ Connected to Supabase PostgreSQL database
[2026-05-09T16:37:12.762Z] [INFO] ✅ Database connection established
[2026-05-09T16:37:12.782Z] [INFO] ✅ Supabase connected and users table accessible
[2026-05-09T16:37:12.783Z] [INFO] ✅ Connected to Supabase PostgreSQL database
[2026-05-09T16:37:12.784Z] [INFO] ✅ Database connection established
[2026-05-09T16:37:12.791Z] [INFO] 🔌 Socket.IO initialized with namespaces: /tracking, /messaging, /chat, /notifications
[2026-05-09T16:37:12.792Z] [INFO] ✅ Socket.IO initialized
[2026-05-09T16:37:12.827Z] [INFO] 🔌 Socket.IO initialized with namespaces: /tracking, /messaging, /chat, /notifications
[2026-05-09T16:37:12.861Z] [INFO] ✅ Socket.IO initialized
[2026-05-09T16:41:45.428Z] [INFO] 💚 Health: 304MB heap | 0h 5m uptime | 0 tracked errors
[2026-05-09T16:46:45.435Z] [INFO] 💚 Health: 304MB heap | 0h 10m uptime | 0 tracked errors
[2026-05-09T16:51:45.439Z] [INFO] 💚 Health: 305MB heap | 0h 15m uptime | 0 tracked errors
[2026-05-09T16:56:45.453Z] [INFO] 💚 Health: 305MB heap | 0h 20m uptime | 0 tracked errors
[2026-05-09T17:01:55.857Z] [INFO] ℹ️ Firebase not configured (using Supabase fallback)
[2026-05-09T17:01:56.844Z] [INFO] ℹ️ Firebase not configured (using Supabase fallback)
[2026-05-09T17:01:59.672Z] [INFO] ℹ️ Firebase not configured (using Supabase fallback)
[2026-05-09T17:02:02.250Z] [INFO] 🔌 Initializing Supabase...
[2026-05-09T17:02:02.251Z] [INFO] 📍 URL Present: true
[2026-05-09T17:02:02.252Z] [INFO] 🔑 Keys Present: true (service: true)
[2026-05-09T17:02:03.231Z] [INFO] 🔌 Initializing Supabase...
[2026-05-09T17:02:03.232Z] [INFO] 📍 URL Present: true
[2026-05-09T17:02:03.239Z] [INFO] 🔑 Keys Present: true (service: true)
[2026-05-09T17:02:04.874Z] [INFO] ℹ️ Firebase not configured (using Supabase fallback)
[2026-05-09T17:02:05.178Z] [INFO] 🔌 Initializing Supabase...
[2026-05-09T17:02:05.185Z] [INFO] 📍 URL Present: true
[2026-05-09T17:02:05.193Z] [INFO] 🔑 Keys Present: true (service: true)
[2026-05-09T17:02:08.239Z] [INFO] 🔌 Initializing Supabase...
[2026-05-09T17:02:08.244Z] [INFO] 📍 URL Present: true
[2026-05-09T17:02:08.250Z] [INFO] 🔑 Keys Present: true (service: true)
[2026-05-09T17:02:08.722Z] [INFO] ✅ Supabase connected and users table accessible
[2026-05-09T17:02:08.732Z] [INFO] ✅ Supabase connected and users table accessible
[2026-05-09T17:02:08.733Z] [INFO] ✅ Connected to Supabase PostgreSQL database
[2026-05-09T17:02:08.734Z] [INFO] ✅ Database connection established
[2026-05-09T17:02:08.739Z] [INFO] 🔌 Socket.IO initialized with namespaces: /tracking, /messaging, /chat, /notifications
[2026-05-09T17:02:08.739Z] [INFO] ✅ Supabase connected and users table accessible
[2026-05-09T17:02:08.741Z] [INFO] ✅ Connected to Supabase PostgreSQL database
[2026-05-09T17:02:08.742Z] [INFO] ✅ Database connection established
[2026-05-09T17:02:08.723Z] [INFO] ✅ Connected to Supabase PostgreSQL database
[2026-05-09T17:02:08.749Z] [INFO] 🔌 Socket.IO initialized with namespaces: /tracking, /messaging, /chat, /notifications
[2026-05-09T17:02:08.749Z] [INFO] ✅ Database connection established
[2026-05-09T17:02:08.749Z] [INFO] ✅ Socket.IO initialized
[2026-05-09T17:02:08.758Z] [INFO] 🔌 Socket.IO initialized with namespaces: /tracking, /messaging, /chat, /notifications
[2026-05-09T17:02:08.758Z] [INFO] 🚀 Backend API running on http://localhost:3001
[2026-05-09T17:02:08.759Z] [INFO] 📊 Health check: http://localhost:3001/api/health
[2026-05-09T17:02:08.759Z] [INFO] ✅ Socket.IO initialized
[2026-05-09T17:02:08.760Z] [INFO] 🔐 Auth endpoints: http://localhost:3001/api/auth/...
[2026-05-09T17:02:08.760Z] [INFO] 🔌 Socket.IO: ws://localhost:3001
[2026-05-09T17:02:08.761Z] [INFO] 📝 Environment: development
[2026-05-09T17:02:08.740Z] [INFO] ✅ Socket.IO initialized
[2026-05-09T17:02:09.159Z] [INFO] ✅ Supabase connected and users table accessible
[2026-05-09T17:02:09.204Z] [INFO] ✅ Connected to Supabase PostgreSQL database
[2026-05-09T17:02:09.309Z] [INFO] ✅ Database connection established
[2026-05-09T17:02:09.365Z] [INFO] 🔌 Socket.IO initialized with namespaces: /tracking, /messaging, /chat, /notifications
[2026-05-09T17:02:09.376Z] [INFO] ✅ Socket.IO initialized
[2026-05-09T17:06:39.350Z] [INFO] 💚 Health: 304MB heap | 0h 5m uptime | 0 tracked errors
[2026-05-09T17:10:47.113Z] [INFO] ℹ️ Firebase not configured (using Supabase fallback)
[2026-05-09T17:10:48.621Z] [INFO] ℹ️ Firebase not configured (using Supabase fallback)
[2026-05-09T17:10:52.979Z] [INFO] ℹ️ Firebase not configured (using Supabase fallback)
[2026-05-09T17:10:53.750Z] [INFO] ℹ️ Firebase not configured (using Supabase fallback)
[2026-05-09T17:10:56.797Z] [INFO] 🔌 Initializing Supabase...
[2026-05-09T17:10:56.804Z] [INFO] 📍 URL Present: true
[2026-05-09T17:10:56.815Z] [INFO] 🔑 Keys Present: true (service: true)
[2026-05-09T17:10:58.185Z] [INFO] 🔌 Initializing Supabase...
[2026-05-09T17:10:58.186Z] [INFO] 📍 URL Present: true
[2026-05-09T17:10:58.188Z] [INFO] 🔑 Keys Present: true (service: true)
[2026-05-09T17:11:00.346Z] [INFO] 🔌 Initializing Supabase...
[2026-05-09T17:11:00.347Z] [INFO] 📍 URL Present: true
[2026-05-09T17:11:00.349Z] [INFO] 🔑 Keys Present: true (service: true)
[2026-05-09T17:11:01.047Z] [INFO] 🔌 Initializing Supabase...
[2026-05-09T17:11:01.077Z] [INFO] 📍 URL Present: true
[2026-05-09T17:11:01.122Z] [INFO] 🔑 Keys Present: true (service: true)
[2026-05-09T17:11:02.802Z] [INFO] ✅ Supabase connected and users table accessible
[2026-05-09T17:11:02.803Z] [INFO] ✅ Connected to Supabase PostgreSQL database
[2026-05-09T17:11:02.804Z] [INFO] ✅ Database connection established
[2026-05-09T17:11:02.811Z] [INFO] 🔌 Socket.IO initialized with namespaces: /tracking, /messaging, /chat, /notifications
[2026-05-09T17:11:02.812Z] [INFO] ✅ Socket.IO initialized
[2026-05-09T17:11:02.819Z] [INFO] ✅ Supabase connected and users table accessible
[2026-05-09T17:11:02.820Z] [INFO] ✅ Connected to Supabase PostgreSQL database
[2026-05-09T17:11:02.822Z] [INFO] ✅ Database connection established
[2026-05-09T17:11:02.830Z] [INFO] 🚀 Backend API running on http://localhost:3001
[2026-05-09T17:11:02.831Z] [INFO] 📊 Health check: http://localhost:3001/api/health
[2026-05-09T17:11:02.832Z] [INFO] 🔐 Auth endpoints: http://localhost:3001/api/auth/...
[2026-05-09T17:11:02.832Z] [INFO] 🔌 Socket.IO: ws://localhost:3001
[2026-05-09T17:11:02.832Z] [INFO] 📝 Environment: development
[2026-05-09T17:11:02.844Z] [INFO] 🔌 Socket.IO initialized with namespaces: /tracking, /messaging, /chat, /notifications
[2026-05-09T17:11:02.845Z] [INFO] ✅ Socket.IO initialized
[2026-05-09T17:11:02.957Z] [INFO] ✅ Supabase connected and users table accessible
[2026-05-09T17:11:02.963Z] [INFO] ✅ Connected to Supabase PostgreSQL database
[2026-05-09T17:11:02.970Z] [INFO] ✅ Database connection established
[2026-05-09T17:11:02.985Z] [INFO] 🔌 Socket.IO initialized with namespaces: /tracking, /messaging, /chat, /notifications
[2026-05-09T17:11:02.990Z] [INFO] ✅ Socket.IO initialized
[2026-05-09T17:11:02.995Z] [INFO] ✅ Supabase connected and users table accessible
[2026-05-09T17:11:03.091Z] [INFO] ✅ Connected to Supabase PostgreSQL database
[2026-05-09T17:11:03.179Z] [INFO] ✅ Database connection established
[2026-05-09T17:11:03.279Z] [INFO] 🔌 Socket.IO initialized with namespaces: /tracking, /messaging, /chat, /notifications
[2026-05-09T17:11:03.488Z] [INFO] ✅ Socket.IO initialized
[2026-05-09T17:15:28.862Z] [INFO] 💚 Health: 304MB heap | 0h 5m uptime | 0 tracked errors
[2026-05-09T17:17:30.738Z] [INFO] ℹ️ Firebase not configured (using Supabase fallback)
[2026-05-09T17:17:32.029Z] [INFO] ℹ️ Firebase not configured (using Supabase fallback)
[2026-05-09T17:17:35.511Z] [INFO] ℹ️ Firebase not configured (using Supabase fallback)
[2026-05-09T17:17:36.501Z] [INFO] 🔌 Initializing Supabase...
[2026-05-09T17:17:36.502Z] [INFO] 📍 URL Present: true
[2026-05-09T17:17:36.503Z] [INFO] 🔑 Keys Present: true (service: true)
[2026-05-09T17:17:36.515Z] [INFO] 🔌 Socket.IO initialized with namespaces: /tracking, /messaging, /chat, /notifications
[2026-05-09T17:17:36.517Z] [INFO] ✅ Socket.IO initialized
[2026-05-09T17:17:36.535Z] [INFO] 🚀 Backend API running on http://localhost:3001
[2026-05-09T17:17:36.536Z] [INFO] 📊 Health check: http://localhost:3001/api/health
[2026-05-09T17:17:37.815Z] [INFO] 🔌 Initializing Supabase...
[2026-05-09T17:17:37.821Z] [INFO] 📍 URL Present: true
[2026-05-09T17:17:37.826Z] [INFO] 🔑 Keys Present: true (service: true)
[2026-05-09T17:17:37.834Z] [INFO] 🔌 Socket.IO initialized with namespaces: /tracking, /messaging, /chat, /notifications
[2026-05-09T17:17:37.835Z] [INFO] ✅ Socket.IO initialized
[2026-05-09T17:17:37.811Z] [INFO] ℹ️ Firebase not configured (using Supabase fallback)
[2026-05-09T17:17:39.356Z] [INFO] ✅ Supabase connected and users table accessible
[2026-05-09T17:17:39.359Z] [INFO] ✅ Connected to Supabase PostgreSQL database
[2026-05-09T17:17:39.360Z] [INFO] ✅ Database initialized in background
[2026-05-09T17:17:40.145Z] [INFO] 🔌 Initializing Supabase...
[2026-05-09T17:17:40.147Z] [INFO] 📍 URL Present: true
[2026-05-09T17:17:40.148Z] [INFO] 🔑 Keys Present: true (service: true)
[2026-05-09T17:17:40.160Z] [INFO] 🔌 Socket.IO initialized with namespaces: /tracking, /messaging, /chat, /notifications
[2026-05-09T17:17:40.162Z] [INFO] ✅ Socket.IO initialized
[2026-05-09T17:17:41.797Z] [INFO] 🔌 Initializing Supabase...
[2026-05-09T17:17:41.812Z] [INFO] 📍 URL Present: true
[2026-05-09T17:17:41.832Z] [INFO] 🔑 Keys Present: true (service: true)
[2026-05-09T17:17:41.853Z] [INFO] 🔌 Socket.IO initialized with namespaces: /tracking, /messaging, /chat, /notifications
[2026-05-09T17:17:41.858Z] [INFO] ✅ Socket.IO initialized
[2026-05-09T17:22:11.956Z] [INFO] 💚 Health: 304MB heap | 0h 5m uptime | 0 tracked errors
[2026-05-09T17:27:11.957Z] [INFO] 💚 Health: 304MB heap | 0h 10m uptime | 0 tracked errors
